  Determining projects to restore...
  All projects are up-to-date for restore.
C:\Program Files\dotnet\sdk\9.0.300-preview.0.25177.5\Sdks\Microsoft.NET.Sdk\targets\Microsoft.NET.RuntimeIdentifierInference.targets(326,5): message NETSDK1057: You are using a preview version of .NET. See: https://aka.ms/dotnet-support-policy [C:\Users\paul\source\repos\capoo-trade\src\CavoodleTrading.Api\CavoodleTrading.Api.csproj]
  CavoodleTrading.Api -> C:\Users\paul\source\repos\capoo-trade\src\CavoodleTrading.Api\bin\Debug\net9.0\CavoodleTrading.Api.dll

Build succeeded.
    0 Warning(s)
    0 Error(s)

Time Elapsed 00:00:01.58
